
> nextn@0.1.0 build
> prisma generate && cross-env NODE_ENV=production next build

npm : Loaded Prisma config from prisma.config.ts.
At line:1 char:1
+ npm run build 2>&1 | Tee-Object -FilePath build_output.txt | Select-O ...
+ ~~~~~~~~~~~~~~~~~~
    + CategoryInfo          : NotSpecified: (Loaded Prisma c...isma.config.ts.:String) 
    [], RemoteException
    + FullyQualifiedErrorId : NativeCommandError
 

Prisma schema loaded from prisma\schema.prisma.
warn On `provider = "postgresql"`, preview feature "fullTextSearch" has been renamed 
to "fullTextSearchPostgres". Learn more at https://pris.ly/d/fts-postgres.

Γ£ö Generated Prisma Client (v7.2.0) to .\node_modules\@prisma\client in 1.59s

Start by importing your Prisma Client (See: https://pris.ly/d/importing-client)

Tip: Interested in query caching in just a few lines of code? Try Accelerate today! https://pris.ly/tip-3-accelerate

Γû▓ Next.js 16.1.0 (Turbopack)
- Environments: .env.local, .env.production, .env
- Experiments (use with caution):
  Γ£ô authInterrupts

  Creating an optimized production build ...
Γ£ô Compiled successfully in 75s
  Running TypeScript ...
Failed to compile.

./src/app/admin/_actions/forms.ts:15:29
Type error: Property 'user' does not exist on type 'unknown'.

[0m [90m 13 |[39m   [36mtry[39m {
 [90m 14 |[39m     [36mconst[39m session [33m=[39m [36mawait[39m 
getServerSession(auth)[33m;[39m
[31m[1m>[22m[39m[90m 15 |[39m     [36mif[39m ([33m![39msession [33m||[39m 
session[33m.[39muser[33m?[39m[33m.[39mrole [33m!==[39m [32m'admin'[39m) {
 [90m    |[39m                             [31m[1m^[22m[39m
 [90m 16 |[39m       [36mreturn[39m { error[33m:[39m [32m'Unauthorized: Admin 
access required'[39m }[33m;[39m
 [90m 17 |[39m     }
 [90m 18 |[39m[0m
Next.js build worker exited with code: 1 and signal: null
